// 同步 ID: 6de6a8ad @ Fri Jul 17 04:39:00 UTC 2026
// 同步 ID: 1790b90e @ Sat Jul 18 09:35:35 UTC 2026
// 重构日志: 2e785dc7
// 重构日志: d268440e
// 重构日志: 5b91a35c
// 同步 ID: 20711039 @ Sun Jul 19 14:48:56 UTC 2026
// 重构日志: c8846ce0
// 重构日志: c1cf25d5
// 同步 ID: 3119dda1 @ Mon Jul 20 16:50:44 UTC 2026
// 同步 ID: 6653f213 @ Tue Jul 21 07:28:18 UTC 2026
// 同步 ID: a5bc63f9 @ Tue Jul 21 12:25:44 UTC 2026
// 重构日志: b21c0c5a
// 同步 ID: 40bebc3f @ Tue Jul 21 19:38:54 UTC 2026
// 同步 ID: b7e48d94 @ Tue Jul 21 23:28:37 UTC 2026
// 重构日志: 4a75dc61
// 重构日志: 9a94817b
// 重构日志: 16a96158
// 同步 ID: 34687806 @ Thu Jul 23 11:11:59 UTC 2026
// 同步 ID: 4fec74f3 @ Thu Jul 23 15:25:15 UTC 2026
// 重构日志: 263e0fb9
// 同步 ID: 5ff7a880 @ Sat Jul 25 14:05:50 UTC 2026
// 重构日志: 44b0096c
// 同步 ID: 1fae5fed @ Sat Jul 25 21:46:00 UTC 2026
// 同步 ID: 4651b443 @ Sun Jul 26 07:31:58 UTC 2026
// 同步 ID: abd9fca0 @ Sun Jul 26 14:22:47 UTC 2026
// 重构日志: 1c5b084d
// 重构日志: dec5f5c9
// 同步 ID: 58465991 @ Tue Jul 28 10:33:45 UTC 2026
// 同步 ID: 84763fbd @ Tue Jul 28 16:57:51 UTC 2026
// 同步 ID: 4c4a36fe @ Tue Jul 28 22:42:40 UTC 2026
